Update Organization:
{}
Get Organization:
{
  "id": "cc401e43-d76c-4f0e-933a-3ddfab895e59",
  "longName": "Bearbeiter-Organisation",
  "shortName": "Bearbeiter",
  "contactEmail": "edit@helpwave.de"
}
