{
  "id": "948618ea-6059-4e4d-a300-6f499f79f9e3"
}
