exists:
{
  "id": "948618ea-6059-4e4d-a300-6f499f79f9e3",
  "name": "vincent",
  "nickname": "v",
  "avatarUrl": "https://source.boringavatars.com/marble/128/d85c4a7bb228ff44e9a9d113832047527b4796e1238a3cbe6d3675f0a4e26bd7"
}
does not exist:
ERROR:
  Code: Internal
  Message: record not found

