exists:
{
  "invitations": [
    {
      "id": "d20a3fed-c0ca-45d6-a437-6a691ef7107b",
      "email": "invitation@mail.de",
      "organization": {
        "id": "77e49c1c-340b-4921-b5b4-fffbb8d3df6c",
        "longName": "Uniklinik MÃ¼nster"
      },
      "state": "INVITATION_STATE_PENDING"
    },
    {
      "id": "dcf6280b-dee6-4a0f-826b-cc506476e1e9",
      "email": "invitation@mail.de",
      "organization": {
        "id": "cc401e43-d76c-4f0e-933a-3ddfab895e59",
        "longName": "Bearbeiter-Organisation"
      },
      "state": "INVITATION_STATE_ACCEPTED"
    }
  ]
}
exists with state:
{
  "invitations": [
    {
      "id": "dcf6280b-dee6-4a0f-826b-cc506476e1e9",
      "email": "invitation@mail.de",
      "organization": {
        "id": "cc401e43-d76c-4f0e-933a-3ddfab895e59",
        "longName": "Bearbeiter-Organisation"
      },
      "state": "INVITATION_STATE_ACCEPTED"
    }
  ]
}
does not exist:
{}
