exists:
{}
exists, not pending:
ERROR:
  Code: InvalidArgument
  Message: only pending invitations can be rejected

does not exist:
ERROR:
  Code: InvalidArgument
  Message: record not found

