Exists:
{
  "id": "01e91d0a-88ac-402b-932e-bae326a7c234",
  "roomId": "c7e6c19e-df2e-4130-b8f3-97b551f911ed",
  "name": "Teal"
}
Does not exist:
ERROR:
  Code: InvalidArgument
  Message: id not found
