Room does not exist
ERROR:
  Code: Internal
  Message: ERROR: insert or update on table "beds" violates foreign key constraint "beds_room_id_fkey" (SQLSTATE 23503)

Room does exist
list beds
{
  "beds": [
    {
      "id": "cb92bad3-68b2-49c1-bfac-494ff18b57f3",
      "roomId": "b79dc72f-8359-4058-bd7a-e4b7019a5ec3",
      "name": "Aquamarine"
    },
    {
      "id": "8612b526-9f2b-486f-9e6c-d1581ef5b6be",
      "roomId": "c7e6c19e-df2e-4130-b8f3-97b551f911ed",
      "name": "Fuscia"
    },
    {
      "id": "03d95f53-06f1-4163-b9c2-4aa03d1bcc5e",
      "roomId": "b79dc72f-8359-4058-bd7a-e4b7019a5ec3",
      "name": "Green"
    },
    {
      "id": "edef8f4f-fa11-471c-9340-c667ae6ecf09",
      "roomId": "b79dc72f-8359-4058-bd7a-e4b7019a5ec3",
      "name": "Indigo"
    },
    {
      "id": "31d2cb94-c6fd-4d98-acd4-128c31d51693",
      "roomId": "b79dc72f-8359-4058-bd7a-e4b7019a5ec3",
      "name": "Khaki"
    },
    {
      "id": "018bd012-4aa1-468f-b57c-c0028507c332",
      "roomId": "c7e6c19e-df2e-4130-b8f3-97b551f911ed",
      "name": "Mauv"
    },
    {
      "id": "371e0bb7-1d55-46bb-a972-4bea0df958da",
      "roomId": "c7e6c19e-df2e-4130-b8f3-97b551f911ed",
      "name": "Orange"
    },
    {
      "id": "9a2824d8-cd31-4c5f-82df-1c6bf1d443c6",
      "roomId": "b79dc72f-8359-4058-bd7a-e4b7019a5ec3",
      "name": "Pink"
    },
    {
      "id": "9f5d0d44-066e-4520-aec3-46a51090d15a",
      "roomId": "c7e6c19e-df2e-4130-b8f3-97b551f911ed",
      "name": "Red"
    },
    {
      "id": "RANDOM UUID",
      "roomId": "2a3b9111-1f78-4d36-8318-1c69c1e5ad51",
      "name": "Some Name"
    },
    {
      "id": "01e91d0a-88ac-402b-932e-bae326a7c234",
      "roomId": "c7e6c19e-df2e-4130-b8f3-97b551f911ed",
      "name": "Teal"
    },
    {
      "id": "1d8fbe74-37be-4ec1-beb2-0518b51e1da8",
      "roomId": "80d49a5a-573e-4a7a-a9b4-f8d2431f6f14",
      "name": "Turquoise"
    },
    {
      "id": "c9cb785f-4db3-42f8-935a-b5c88652231b",
      "roomId": "c7e6c19e-df2e-4130-b8f3-97b551f911ed",
      "name": "Violet"
    },
    {
      "id": "99205989-53a4-4362-8280-c746d30ebc12",
      "roomId": "c7e6c19e-df2e-4130-b8f3-97b551f911ed",
      "name": "Yellow"
    }
  ]
}
delete it again
{}
list beds
{
  "beds": [
    {
      "id": "cb92bad3-68b2-49c1-bfac-494ff18b57f3",
      "roomId": "b79dc72f-8359-4058-bd7a-e4b7019a5ec3",
      "name": "Aquamarine"
    },
    {
      "id": "8612b526-9f2b-486f-9e6c-d1581ef5b6be",
      "roomId": "c7e6c19e-df2e-4130-b8f3-97b551f911ed",
      "name": "Fuscia"
    },
    {
      "id": "03d95f53-06f1-4163-b9c2-4aa03d1bcc5e",
      "roomId": "b79dc72f-8359-4058-bd7a-e4b7019a5ec3",
      "name": "Green"
    },
    {
      "id": "edef8f4f-fa11-471c-9340-c667ae6ecf09",
      "roomId": "b79dc72f-8359-4058-bd7a-e4b7019a5ec3",
      "name": "Indigo"
    },
    {
      "id": "31d2cb94-c6fd-4d98-acd4-128c31d51693",
      "roomId": "b79dc72f-8359-4058-bd7a-e4b7019a5ec3",
      "name": "Khaki"
    },
    {
      "id": "018bd012-4aa1-468f-b57c-c0028507c332",
      "roomId": "c7e6c19e-df2e-4130-b8f3-97b551f911ed",
      "name": "Mauv"
    },
    {
      "id": "371e0bb7-1d55-46bb-a972-4bea0df958da",
      "roomId": "c7e6c19e-df2e-4130-b8f3-97b551f911ed",
      "name": "Orange"
    },
    {
      "id": "9a2824d8-cd31-4c5f-82df-1c6bf1d443c6",
      "roomId": "b79dc72f-8359-4058-bd7a-e4b7019a5ec3",
      "name": "Pink"
    },
    {
      "id": "9f5d0d44-066e-4520-aec3-46a51090d15a",
      "roomId": "c7e6c19e-df2e-4130-b8f3-97b551f911ed",
      "name": "Red"
    },
    {
      "id": "01e91d0a-88ac-402b-932e-bae326a7c234",
      "roomId": "c7e6c19e-df2e-4130-b8f3-97b551f911ed",
      "name": "Teal"
    },
    {
      "id": "1d8fbe74-37be-4ec1-beb2-0518b51e1da8",
      "roomId": "80d49a5a-573e-4a7a-a9b4-f8d2431f6f14",
      "name": "Turquoise"
    },
    {
      "id": "c9cb785f-4db3-42f8-935a-b5c88652231b",
      "roomId": "c7e6c19e-df2e-4130-b8f3-97b551f911ed",
      "name": "Violet"
    },
    {
      "id": "99205989-53a4-4362-8280-c746d30ebc12",
      "roomId": "c7e6c19e-df2e-4130-b8f3-97b551f911ed",
      "name": "Yellow"
    }
  ]
}
