First, get a clean slate:
Put some patients in recently viewed:
Assigned Patient, with tasks:
Assigned Patient, no tasks:
Unassigned Patient, with tasks:
{
  "recentPatients": [
    {
      "id": "c1c104f0-52c5-46d3-9441-33d0b0c03f87",
      "humanReadableIdentifier": "Iggie Lafflina",
      "room": {
        "id": "b79dc72f-8359-4058-bd7a-e4b7019a5ec3",
        "name": "Sales",
        "wardId": "0f13614c-9043-4af7-a439-cc569ba22639"
      },
      "bed": {
        "id": "cb92bad3-68b2-49c1-bfac-494ff18b57f3",
        "name": "Aquamarine"
      }
    },
    {
      "id": "06f57c97-509e-4b41-9839-233f29197f56",
      "humanReadableIdentifier": "Clerc Levay",
      "room": {
        "id": "80d49a5a-573e-4a7a-a9b4-f8d2431f6f14",
        "name": "Legal",
        "wardId": "51aca99b-2372-40b4-99ed-355dad6c014d"
      },
      "bed": {
        "id": "1d8fbe74-37be-4ec1-beb2-0518b51e1da8",
        "name": "Turquoise"
      }
    },
    {
      "id": "2e830d2f-69c9-4e38-bd4b-ab43decc7ae3",
      "humanReadableIdentifier": "Cloris Dunbavin"
    }
  ]
}
