Assigned Patient:
{}
(reassign)
Unassigned Patient:
{}
Patient does not exist:
{}
