Exists
{
  "id": "0f13614c-9043-4af7-a439-cc569ba22639",
  "name": "Ohio",
  "organizationId": "3b25c6f5-4705-4074-9fc6-a50c28eba406"
}
Exists, no beds
{
  "id": "626e8c70-dc93-44fb-a9d5-0b828a0a0c4b",
  "name": "Arrowood",
  "organizationId": "3b25c6f5-4705-4074-9fc6-a50c28eba406"
}
Does not exists:
ERROR:
  Code: InvalidArgument
  Message: id not found

