Exists
{
  "wards": [
    {
      "id": "51aca99b-2372-40b4-99ed-355dad6c014d",
      "name": "Portage"
    },
    {
      "id": "0f13614c-9043-4af7-a439-cc569ba22639",
      "name": "Ohio"
    },
    {
      "id": "626e8c70-dc93-44fb-a9d5-0b828a0a0c4b",
      "name": "Arrowood"
    }
  ]
}
