{}
{
  "id": "a2f04cb2-4587-48ad-89ee-a01256a80d7c",
  "name": "Changed Name",
  "description": "Clear description",
  "status": "TASK_STATUS_DONE",
  "assignedUserId": "8aa8a5ee-2a35-4203-81bb-baf4ca17a9e9",
  "patient": {
    "id": "8763d32d-73d1-4e53-b367-b970ee5f6c18",
    "name": "Grazia Rehn"
  },
  "public": true,
  "dueAt": "2023-11-04T06:58:00Z",
  "createdBy": "df363387-7774-4592-b01c-2b765abaa86a",
  "organizationId": "3b25c6f5-4705-4074-9fc6-a50c28eba406"
}
{}
{
  "id": "a2f04cb2-4587-48ad-89ee-a01256a80d7c",
  "name": "Changed Name",
  "description": "Clear description",
  "status": "TASK_STATUS_DONE",
  "patient": {
    "id": "8763d32d-73d1-4e53-b367-b970ee5f6c18",
    "name": "Grazia Rehn"
  },
  "public": true,
  "dueAt": "2023-11-04T06:58:00Z",
  "createdBy": "df363387-7774-4592-b01c-2b765abaa86a",
  "organizationId": "3b25c6f5-4705-4074-9fc6-a50c28eba406"
}
{}
