{
  "templates": [
    {
      "id": "12dedb6e-de87-471d-b812-44fbfaa9e73f",
      "description": "Insertion of therapeutic device into uterus",
      "isPublic": true,
      "createdBy": "df363387-7774-4592-b01c-2b765abaa86a",
      "subtasks": [
        {
          "id": "fe6b8a5e-bffc-4cc8-bdfb-883bd6392ac2",
          "taskTemplateId": "12dedb6e-de87-471d-b812-44fbfaa9e73f",
          "name": "Bypass R Ventricle to L Pulm Art w Nonaut Sub, Perc Endo"
        }
      ]
    },
    {
      "id": "9d21dd28-0b9a-40b9-abf3-71b01c18e8c7",
      "name": "Bypass Pelvic Cav to R Pleural Cav w Synth Sub, Perc Endo",
      "description": "Laryngoscopy and other tracheoscopy",
      "isPublic": true,
      "createdBy": "8aa8a5ee-2a35-4203-81bb-baf4ca17a9e9"
    },
    {
      "id": "c2e7b56b-9302-41b4-842d-31970ecf4a12",
      "name": "Supplement R Radial Art with Autol Sub, Perc Endo Approach",
      "description": "Open heart valvuloplasty of tricuspid valve without replacement",
      "isPublic": true,
      "createdBy": "46697884-4792-49ff-b243-14a17eb5b871"
    },
    {
      "id": "a544bd78-8c45-4034-8c79-7621f36816ee",
      "name": "Repair Uterine Supporting Structure, Open Approach",
      "description": "Replacement of electronic ureteral stimulator",
      "isPublic": true,
      "createdBy": "46697884-4792-49ff-b243-14a17eb5b871",
      "subtasks": [
        {
          "id": "78d0233f-184c-4154-a26e-4aa17fcdf78d",
          "taskTemplateId": "a544bd78-8c45-4034-8c79-7621f36816ee",
          "name": "Insert of Radioact Elem into R Low Arm, Perc Endo Approach"
        }
      ]
    },
    {
      "id": "5e72a85e-89b0-4056-9d0c-51432193c108",
      "name": "Restrict of R Post Tib Art with Extralum Dev, Open Approach",
      "description": "Other intra-abdominal vascular shunt or bypass",
      "isPublic": true,
      "createdBy": "5db6cc86-bbf1-4fa6-bbe8-a8cdea869758"
    },
    {
      "id": "c86e76a1-60f0-498e-8f2f-b4c642fe353c",
      "name": "Bypass Thor Aorta Asc to Subclav w Nonaut Sub, Perc Endo",
      "description": "Epididymovasostomy",
      "isPublic": true,
      "createdBy": "8aa8a5ee-2a35-4203-81bb-baf4ca17a9e9",
      "subtasks": [
        {
          "id": "f8aae6a8-5aa2-4f27-a48e-0c8ff68627f2",
          "taskTemplateId": "c86e76a1-60f0-498e-8f2f-b4c642fe353c",
          "name": "Fusion of Left Wrist Joint with Autol Sub, Open Approach"
        }
      ]
    },
    {
      "id": "835041e7-1989-4583-9ca4-cd98e91b24e4",
      "name": "Reposition Coccyx, External Approach",
      "description": "Other cervical biopsy",
      "isPublic": true,
      "createdBy": "22b47b87-aadf-4e81-802d-9e23489e696c",
      "subtasks": [
        {
          "id": "6ffa9e28-6266-4db5-a409-8c918e298177",
          "taskTemplateId": "835041e7-1989-4583-9ca4-cd98e91b24e4",
          "name": "Dilate R Verteb Art, Bifurc, w 4+ Intralum Dev, Perc Endo"
        },
        {
          "id": "1760bdd8-978c-4dcd-9786-78af8c9078e6",
          "taskTemplateId": "835041e7-1989-4583-9ca4-cd98e91b24e4",
          "name": "Drainage of R Hip Bursa/Lig with Drain Dev, Open Approach"
        }
      ]
    },
    {
      "id": "0e4b502e-fc08-4c24-a819-da6da17e6ce8",
      "name": "Introduction of Other Hormone into Periph Art, Perc Approach",
      "description": "Other operations on valves of heart",
      "isPublic": true,
      "createdBy": "22b47b87-aadf-4e81-802d-9e23489e696c",
      "subtasks": [
        {
          "id": "2e9cecf9-776d-48d6-bc1d-1935bd5f4e86",
          "taskTemplateId": "0e4b502e-fc08-4c24-a819-da6da17e6ce8"
        }
      ]
    },
    {
      "id": "378dc856-b4e0-47b1-908c-01b4ec974a6d",
      "name": "Restrict R Com Iliac Vein w Intralum Dev, Perc Endo",
      "description": "Bilateral partial salpingectomy, not otherwise specified",
      "isPublic": true,
      "createdBy": "46697884-4792-49ff-b243-14a17eb5b871",
      "subtasks": [
        {
          "id": "c8f04797-24c7-4f23-b53d-f56991e5b32b",
          "taskTemplateId": "378dc856-b4e0-47b1-908c-01b4ec974a6d",
          "name": "Reposition Left Shoulder Muscle, Open Approach"
        }
      ]
    },
    {
      "id": "46994558-7685-4aff-ac87-d68b7c176dd0",
      "name": "Restriction of Urethra, External Approach",
      "description": "Incision and drainage of tonsil and peritonsillar structures",
      "isPublic": true,
      "createdBy": "46697884-4792-49ff-b243-14a17eb5b871"
    },
    {
      "id": "47c49982-bf8a-491f-acf3-52ae02bf49fe",
      "name": "Removal of Radioact Elem from Low Back, Extern Approach",
      "isPublic": true,
      "createdBy": "531244c4-0500-4701-91ef-a03645ba92b2",
      "subtasks": [
        {
          "id": "1812c008-a892-49c4-896a-42561017445c",
          "taskTemplateId": "47c49982-bf8a-491f-acf3-52ae02bf49fe",
          "name": "Supplement L Renal Art with Nonaut Sub, Perc Endo Approach"
        }
      ]
    },
    {
      "id": "9c7c3223-ef9c-45b6-9589-6040d2feb81d",
      "name": "Insert Infusion Pump in R Low Leg Subcu/Fascia, Perc",
      "isPublic": true,
      "createdBy": "5db6cc86-bbf1-4fa6-bbe8-a8cdea869758",
      "subtasks": [
        {
          "id": "eb8000c0-a041-4a73-b02a-6264d2f4f53c",
          "taskTemplateId": "9c7c3223-ef9c-45b6-9589-6040d2feb81d",
          "name": "Release Pulmonary Valve, Percutaneous Endoscopic Approach"
        },
        {
          "id": "9234f627-565a-4895-805a-f840966f9358",
          "taskTemplateId": "9c7c3223-ef9c-45b6-9589-6040d2feb81d",
          "name": "Fragmentation in Transverse Colon, Via Opening"
        }
      ]
    },
    {
      "id": "52c9430f-614f-428a-b327-56ae07ebbe5c",
      "name": "Supplement R Up Arm Tendon with Synth Sub, Open Approach",
      "isPublic": true,
      "createdBy": "674217fc-05a6-4eec-ad7e-8a2d0dc8caa9"
    },
    {
      "id": "f2e66a9f-f5ba-444f-a8ff-35081156c1f1",
      "name": "Supplement Right Fibula with Nonaut Sub, Perc Approach",
      "isPublic": true,
      "createdBy": "22b47b87-aadf-4e81-802d-9e23489e696c",
      "subtasks": [
        {
          "id": "7832046d-edbf-4a27-8b10-a4625350c2e0",
          "taskTemplateId": "f2e66a9f-f5ba-444f-a8ff-35081156c1f1",
          "name": "Restriction of Splenic Vein, Percutaneous Approach"
        }
      ]
    },
    {
      "id": "60f7aa9a-37d3-42c6-81e5-03252220f164",
      "name": "Introduce Regional Anesth in Periph Nrv, Plexi, Perc",
      "description": "Pulmonary artery pressure monitoring",
      "isPublic": true,
      "createdBy": "3a82ae88-c43a-4ada-8659-9c5f372cb48d"
    },
    {
      "id": "2ec64622-7d85-4297-a7e7-2fd1450ff5b6",
      "name": "Revision of Monitor Dev in Pancreat Duct, Extern Approach",
      "isPublic": true,
      "createdBy": "3e795d31-1912-4b09-8e5a-fd62a2461a8c",
      "subtasks": [
        {
          "id": "3739abba-7300-4184-95f1-c8de35357afa",
          "taskTemplateId": "2ec64622-7d85-4297-a7e7-2fd1450ff5b6",
          "name": "Removal of Other Device from R Up Extrem, Perc Approach"
        }
      ]
    },
    {
      "id": "a3da6d00-710e-4d9e-bff8-8f9c1a3a900c",
      "name": "Supplement Right Clavicle with Synth Sub, Perc Endo Approach",
      "description": "Sequestrectomy, scapula, clavicle, and thorax [ribs and sternum]",
      "isPublic": true,
      "createdBy": "674217fc-05a6-4eec-ad7e-8a2d0dc8caa9"
    },
    {
      "id": "c314dc38-9c90-431b-8fc1-1ae3b4174a27",
      "name": "Excision of Left Internal Mammary Artery, Perc Approach",
      "description": "Splenotomy",
      "isPublic": true,
      "createdBy": "3a82ae88-c43a-4ada-8659-9c5f372cb48d"
    },
    {
      "id": "526ff1c0-f373-4d2b-bcd8-d355f8223cfd",
      "name": "Reattachment of Right Foot, Open Approach",
      "description": "Administration of diphtheria-tetanus-pertussis, combined",
      "isPublic": true,
      "createdBy": "73c0d265-3c9a-410a-8eaf-0174fc57f421",
      "subtasks": [
        {
          "id": "86617de9-4012-4ee3-9ecb-1fc0c9e7ab85",
          "taskTemplateId": "526ff1c0-f373-4d2b-bcd8-d355f8223cfd",
          "name": "Reposition R Metacarpocarp Jt w Ext Fix, Perc Endo"
        },
        {
          "id": "5a712e12-c2a0-472e-827a-0e754a396378",
          "taskTemplateId": "526ff1c0-f373-4d2b-bcd8-d355f8223cfd",
          "name": "Change Traction Apparatus on Right Lower Extremity"
        },
        {
          "id": "a77d20cb-1954-4e4f-baed-a5e28c0b620e",
          "taskTemplateId": "526ff1c0-f373-4d2b-bcd8-d355f8223cfd",
          "name": "Destruction of Left Trunk Tendon, Perc Endo Approach"
        },
        {
          "id": "972830e0-28f8-4e28-8187-e63e11514915",
          "taskTemplateId": "526ff1c0-f373-4d2b-bcd8-d355f8223cfd"
        },
        {
          "id": "c6e6bde8-ca25-4a8f-80b5-cc6697d8f523",
          "taskTemplateId": "526ff1c0-f373-4d2b-bcd8-d355f8223cfd",
          "name": "Removal of Radioactive Element from L Lung, Extern Approach"
        }
      ]
    },
    {
      "id": "47d91496-1351-48be-9f62-09cd819cf9fc",
      "name": "Removal of Nonaut Sub from Bladder, Perc Approach",
      "isPublic": true,
      "createdBy": "73c0d265-3c9a-410a-8eaf-0174fc57f421"
    },
    {
      "id": "1b49690f-3735-448b-b6ce-872381361233",
      "name": "Extirpate matter from Chordae Tendineae, Perc Endo",
      "isPublic": true,
      "createdBy": "674217fc-05a6-4eec-ad7e-8a2d0dc8caa9",
      "subtasks": [
        {
          "id": "d76afa02-0e43-4d65-9089-e85f4b553282",
          "taskTemplateId": "1b49690f-3735-448b-b6ce-872381361233",
          "name": "Drainage of Right Axillary Lymphatic, Open Approach"
        }
      ]
    },
    {
      "id": "d9985e6e-2240-4f4f-8774-ed0b60141ac0",
      "name": "LDR Brachytherapy of Pancreas using Palladium 103",
      "isPublic": true,
      "createdBy": "df363387-7774-4592-b01c-2b765abaa86a",
      "subtasks": [
        {
          "id": "466d13cf-7c15-4474-bb36-1a47073fc216",
          "taskTemplateId": "d9985e6e-2240-4f4f-8774-ed0b60141ac0",
          "name": "Drain of Accessory Sinus with Drain Dev, Perc Endo Approach"
        }
      ]
    },
    {
      "id": "2c610ebe-5682-4cc8-80f0-3788b74d4150",
      "isPublic": true,
      "createdBy": "46697884-4792-49ff-b243-14a17eb5b871"
    },
    {
      "id": "40297575-f54d-4d77-b6e2-e0b680996e51",
      "name": "Removal of Extralum Dev from Hepatobil Duct, Open Approach",
      "isPublic": true,
      "createdBy": "df363387-7774-4592-b01c-2b765abaa86a"
    },
    {
      "id": "fa7a8940-7a2c-466e-a0d5-0b4ee5c2208a",
      "name": "Insertion of Monitor Dev into Tracheobronc Tree, Via Opening",
      "isPublic": true,
      "createdBy": "531244c4-0500-4701-91ef-a03645ba92b2",
      "subtasks": [
        {
          "id": "722661aa-5071-4322-ad30-cb114d92ea64",
          "taskTemplateId": "fa7a8940-7a2c-466e-a0d5-0b4ee5c2208a",
          "name": "Restriction of Azygos Vein, Percutaneous Endoscopic Approach"
        }
      ]
    },
    {
      "id": "3d938970-f8b1-4119-98fe-c8ae3f4e6e21",
      "name": "Dilation of Stomach with Intraluminal Device, Endo",
      "description": "Percutaneous aspiration of tunica vaginalis",
      "isPublic": true,
      "createdBy": "3e795d31-1912-4b09-8e5a-fd62a2461a8c",
      "subtasks": [
        {
          "id": "9625c7e0-ce02-4dc3-a217-b71154b48b35",
          "taskTemplateId": "3d938970-f8b1-4119-98fe-c8ae3f4e6e21",
          "name": "Introduction of Destructive Agent into GU Tract, Endo"
        }
      ]
    },
    {
      "id": "d9d13055-f708-4469-9f1c-3b558120c1e7",
      "name": "Repair Left Lens, Percutaneous Approach",
      "description": "Destruction of chorioretinal lesion by xenon arc photocoagulation",
      "isPublic": true,
      "createdBy": "3a82ae88-c43a-4ada-8659-9c5f372cb48d",
      "subtasks": [
        {
          "id": "83d3db8a-99f5-47c6-8494-c9698e26dce8",
          "taskTemplateId": "d9d13055-f708-4469-9f1c-3b558120c1e7",
          "name": "Revision of Int Fix in R Scapula, Perc Endo Approach"
        }
      ]
    },
    {
      "id": "e82fb996-e70b-45e5-90d6-889ede6a0d0f",
      "name": "Dilation of Lingula Bronchus, Open Approach",
      "isPublic": true,
      "createdBy": "df363387-7774-4592-b01c-2b765abaa86a"
    },
    {
      "id": "4125dd75-a46e-4658-8aa8-9a0fecbebe96",
      "description": "Insertion of antimicrobial envelope",
      "isPublic": true,
      "createdBy": "5db6cc86-bbf1-4fa6-bbe8-a8cdea869758"
    },
    {
      "id": "1abafcba-be0f-4d00-84a2-2ee79e44efca",
      "name": "Insertion of Radioactive Element into R Knee, Open Approach",
      "description": "Upper eyelid rhytidectomy",
      "isPublic": true,
      "createdBy": "46697884-4792-49ff-b243-14a17eb5b871",
      "subtasks": [
        {
          "id": "f43cc18a-9c5b-4c6b-a63d-ff2a149d47ee",
          "taskTemplateId": "1abafcba-be0f-4d00-84a2-2ee79e44efca",
          "name": "HDR Brachytherapy of L Breast using Cesium 137"
        },
        {
          "id": "cfcb37fc-fe5b-48bf-b1db-c0543a3d8596",
          "taskTemplateId": "1abafcba-be0f-4d00-84a2-2ee79e44efca",
          "name": "Masking Patterns Assessment using Sound Field / Booth"
        },
        {
          "id": "c9560437-d537-4932-ba4c-3b799894fd03",
          "taskTemplateId": "1abafcba-be0f-4d00-84a2-2ee79e44efca",
          "name": "Fusion of Left Elbow Joint, Percutaneous Approach"
        },
        {
          "id": "88c3ba49-fa57-4ae0-a07b-8542528a0a0f",
          "taskTemplateId": "1abafcba-be0f-4d00-84a2-2ee79e44efca",
          "name": "Fluoroscopy of Left Pulmonary Vein using Other Contrast"
        }
      ]
    },
    {
      "id": "ec2acac4-7590-4593-af2a-758b88f8c19c",
      "name": "Bypass 1 Cor Art from Thor Art w Nonaut Sub, Open",
      "description": "Excision of lingual tonsil",
      "isPublic": true,
      "createdBy": "531244c4-0500-4701-91ef-a03645ba92b2",
      "subtasks": [
        {
          "id": "6f66e900-1e60-428a-b317-e57edc7b9132",
          "taskTemplateId": "ec2acac4-7590-4593-af2a-758b88f8c19c",
          "name": "Fusion of Right Shoulder Joint, Perc Endo Approach"
        }
      ]
    },
    {
      "id": "5c6a507e-e8ef-4c31-b316-5aa809620893",
      "name": "Dilation of L Int Iliac Art with Intralum Dev, Open Approach",
      "description": "Total excision of pituitary gland, other specified approach",
      "isPublic": true,
      "createdBy": "531244c4-0500-4701-91ef-a03645ba92b2",
      "subtasks": [
        {
          "id": "02d2e352-74c0-4077-ac56-f135acac8dcd",
          "taskTemplateId": "5c6a507e-e8ef-4c31-b316-5aa809620893",
          "name": "Extirpation of Matter from Hypothalamus, Perc Approach"
        },
        {
          "id": "68cc24a0-7e92-42f2-b8e0-3bc2015582f2",
          "taskTemplateId": "5c6a507e-e8ef-4c31-b316-5aa809620893",
          "name": "Supplement L Up Leg Subcu/Fascia w Nonaut Sub, Perc"
        },
        {
          "id": "acebf914-6fcf-4f84-8a10-f526abf13a03",
          "taskTemplateId": "5c6a507e-e8ef-4c31-b316-5aa809620893",
          "name": "Removal of Synth Sub from L Clavicle, Perc Approach"
        },
        {
          "id": "2f9bf13c-24ca-4865-b78b-8ba7cf544f7f",
          "taskTemplateId": "5c6a507e-e8ef-4c31-b316-5aa809620893"
        },
        {
          "id": "f8dbc21e-9dff-426a-87f7-bd16f5fd70e9",
          "taskTemplateId": "5c6a507e-e8ef-4c31-b316-5aa809620893",
          "name": "Drainage of Right Ovary, Percutaneous Approach, Diagnostic"
        }
      ]
    },
    {
      "id": "9ee21d4a-65cc-431a-8ded-32790ddd8be1",
      "description": "Skeletal x-ray of shoulder and upper arm",
      "isPublic": true,
      "createdBy": "8aa8a5ee-2a35-4203-81bb-baf4ca17a9e9",
      "subtasks": [
        {
          "id": "8a8e3f56-cfb2-4fe7-afdc-9a3feed13c9a",
          "taskTemplateId": "9ee21d4a-65cc-431a-8ded-32790ddd8be1",
          "name": "Drainage of Liver with Drainage Device, Perc Endo Approach"
        }
      ]
    },
    {
      "id": "7628788b-78ea-4664-a305-c4567868fdec",
      "name": "Dilate of 3 Cor Art with 2 Intralum Dev, Perc Endo Approach",
      "isPublic": true,
      "createdBy": "8aa8a5ee-2a35-4203-81bb-baf4ca17a9e9"
    },
    {
      "id": "aa62dc26-b81f-47b1-9542-1f1ee3ebafb1",
      "description": "Endoscopic excision or destruction of lesion or tissue of anus",
      "isPublic": true,
      "createdBy": "3e795d31-1912-4b09-8e5a-fd62a2461a8c",
      "subtasks": [
        {
          "id": "b61c5618-e926-4171-9cd7-7f6c9050bac8",
          "taskTemplateId": "aa62dc26-b81f-47b1-9542-1f1ee3ebafb1",
          "name": "Division of Lumbar Vertebra, Open Approach"
        }
      ]
    },
    {
      "id": "ff2e6ec7-f8d1-4c39-b5e5-6bb5ad99a1f1",
      "name": "Supplement Vagina with Nonaut Sub, Via Opening",
      "description": "Autologous hematopoietic stem cell transplant with purging",
      "isPublic": true,
      "createdBy": "df363387-7774-4592-b01c-2b765abaa86a",
      "subtasks": [
        {
          "id": "3845c063-17d7-4120-a5be-e91bec099f77",
          "taskTemplateId": "ff2e6ec7-f8d1-4c39-b5e5-6bb5ad99a1f1",
          "name": "Supplement Skull with Synthetic Substitute, Perc Approach"
        }
      ]
    },
    {
      "id": "fb95ef40-2090-4d9c-ae0b-a7e36740df26",
      "description": "Disarticulation of knee",
      "isPublic": true,
      "createdBy": "3e795d31-1912-4b09-8e5a-fd62a2461a8c"
    },
    {
      "id": "5f634e01-1e7e-422d-9322-695f186e908d",
      "name": "Destruction of Bilateral Fallopian Tubes, Perc Endo Approach",
      "isPublic": true,
      "createdBy": "3a82ae88-c43a-4ada-8659-9c5f372cb48d",
      "subtasks": [
        {
          "id": "7ea1ede4-6326-4de2-8ea0-aaf0320fd666",
          "taskTemplateId": "5f634e01-1e7e-422d-9322-695f186e908d",
          "name": "Drain R Metacarpophal Jt w Drain Dev, Perc Endo"
        }
      ]
    },
    {
      "id": "e89950be-63f5-4122-90d8-f5696b81b933",
      "name": "Removal of Synthetic Substitute from Cerv Jt, Open Approach",
      "description": "Percutaneous denervation of facet",
      "isPublic": true,
      "createdBy": "46697884-4792-49ff-b243-14a17eb5b871"
    },
    {
      "id": "58a8c60d-3be5-497a-9afa-a53b85ef10d8",
      "name": "Supplement Left Elbow Joint with Nonaut Sub, Open Approach",
      "isPublic": true,
      "createdBy": "73c0d265-3c9a-410a-8eaf-0174fc57f421",
      "subtasks": [
        {
          "id": "cc00d575-5c88-48ab-91b4-a147bae5c7bb",
          "taskTemplateId": "58a8c60d-3be5-497a-9afa-a53b85ef10d8",
          "name": "Endocrine System, Drainage"
        }
      ]
    },
    {
      "id": "aff58dea-8665-48c0-9ddc-e58727d4c8b4",
      "name": "Removal of Synth Sub from L Fibula, Perc Endo Approach",
      "isPublic": true,
      "createdBy": "22b47b87-aadf-4e81-802d-9e23489e696c",
      "subtasks": [
        {
          "id": "ffee7b8b-5663-458e-a5d2-8f9e27112ee8",
          "taskTemplateId": "aff58dea-8665-48c0-9ddc-e58727d4c8b4",
          "name": "Extraction of Left Pleura, Open Approach, Diagnostic"
        }
      ]
    },
    {
      "id": "8202bd1f-8c17-40d9-930d-86a664c4a162",
      "description": "Other bilateral destruction or occlusion of fallopian tubes",
      "isPublic": true,
      "createdBy": "3e795d31-1912-4b09-8e5a-fd62a2461a8c",
      "subtasks": [
        {
          "id": "811ec8b4-05a3-4c54-8c5b-7cc3cd73fbf2",
          "taskTemplateId": "8202bd1f-8c17-40d9-930d-86a664c4a162"
        },
        {
          "id": "e716e683-508f-4db2-915f-a536228a0bf1",
          "taskTemplateId": "8202bd1f-8c17-40d9-930d-86a664c4a162",
          "name": "Destruction of Left Neck Muscle, Open Approach"
        }
      ]
    },
    {
      "id": "e7af5156-9192-42b0-bf80-2b26495c5fa8",
      "name": "Repair Right Femoral Vein, Percutaneous Endoscopic Approach",
      "description": "Endovascular implantation of branching or fenestrated graft(s) in aorta",
      "isPublic": true,
      "createdBy": "674217fc-05a6-4eec-ad7e-8a2d0dc8caa9",
      "subtasks": [
        {
          "id": "6399d85e-2461-40ed-9ef0-16448a34dbbc",
          "taskTemplateId": "e7af5156-9192-42b0-bf80-2b26495c5fa8",
          "name": "Restriction of Stomach, Pylorus, Endo"
        },
        {
          "id": "9c8270ef-6770-4342-97c5-4ceeb41c9f10",
          "taskTemplateId": "e7af5156-9192-42b0-bf80-2b26495c5fa8"
        }
      ]
    },
    {
      "id": "9661984d-0ee2-4f61-8302-00eeb7b23a37",
      "name": "Motor Function Treatment of Integu Head, Neck using Orthosis",
      "isPublic": true,
      "createdBy": "8aa8a5ee-2a35-4203-81bb-baf4ca17a9e9"
    },
    {
      "id": "dd3f7c98-2b61-4b61-922a-d730bfb53ae7",
      "name": "Bypass 1 Cor Art from R Int Mammary w Synth Sub, Perc Endo",
      "description": "Paraurethral suspension",
      "isPublic": true,
      "createdBy": "df363387-7774-4592-b01c-2b765abaa86a",
      "subtasks": [
        {
          "id": "2767aa0d-a4dc-4cda-8d4f-030b272b6ede",
          "taskTemplateId": "dd3f7c98-2b61-4b61-922a-d730bfb53ae7"
        }
      ]
    },
    {
      "id": "defe5b74-913d-49ce-8e43-f2c603e3a297",
      "name": "Dilate R Popl Art w 4+ Intralum Dev, Perc Endo",
      "description": "Microscopic examination of specimen from skin and other integument, culture and sensitivity",
      "isPublic": true,
      "createdBy": "73c0d265-3c9a-410a-8eaf-0174fc57f421"
    },
    {
      "id": "20efca74-2c89-4ffe-bcdb-01297f4cb247",
      "name": "Replace R Int Jugular Vein w Autol Sub, Perc Endo",
      "isPublic": true,
      "createdBy": "22b47b87-aadf-4e81-802d-9e23489e696c",
      "subtasks": [
        {
          "id": "713c5f45-b720-4685-9235-86fdbd34dd8d",
          "taskTemplateId": "20efca74-2c89-4ffe-bcdb-01297f4cb247",
          "name": "Insert of Infusion Dev into L Less Saphenous, Perc Approach"
        },
        {
          "id": "dc8635e1-5eb5-4dee-9b4e-7b93680a992e",
          "taskTemplateId": "20efca74-2c89-4ffe-bcdb-01297f4cb247",
          "name": "Introduction of Destructive Agent into GU Tract, Via Opening"
        },
        {
          "id": "1442b0ef-17e5-4b43-b40f-9c6a9777a157",
          "taskTemplateId": "20efca74-2c89-4ffe-bcdb-01297f4cb247",
          "name": "Bypass L Fem Art to L Femor A w Nonaut Sub, Perc Endo"
        }
      ]
    },
    {
      "id": "93ccbea0-26a6-4331-a8df-e6ffb040e949",
      "name": "Excision of Tonsils, Percutaneous Approach",
      "description": "Insertion or replacement of skull tongs or halo traction device",
      "isPublic": true,
      "createdBy": "674217fc-05a6-4eec-ad7e-8a2d0dc8caa9",
      "subtasks": [
        {
          "id": "e35bbe38-3b0d-4108-a90d-c8b0cbe7b1e5",
          "taskTemplateId": "93ccbea0-26a6-4331-a8df-e6ffb040e949",
          "name": "Repair Radial Nerve, Open Approach"
        },
        {
          "id": "1543d756-306c-4019-baaf-74f72672ba58",
          "taskTemplateId": "93ccbea0-26a6-4331-a8df-e6ffb040e949",
          "name": "Insert of Infusion Dev into L Radial Art, Perc Endo Approach"
        }
      ]
    },
    {
      "id": "ee863790-1faa-4610-b845-39ba878a59fe",
      "name": "Muscle Perform Trmt Neuro Up Back/UE w Prosthesis",
      "isPublic": true,
      "createdBy": "5db6cc86-bbf1-4fa6-bbe8-a8cdea869758",
      "subtasks": [
        {
          "id": "0840c5e4-835e-493f-a15d-ef0e03aefb0b",
          "taskTemplateId": "ee863790-1faa-4610-b845-39ba878a59fe",
          "name": "Dilate R Com Iliac Art w 2 Intralum Dev, Perc Endo"
        },
        {
          "id": "0956f068-73d0-4035-a015-a38594b28ef4",
          "taskTemplateId": "ee863790-1faa-4610-b845-39ba878a59fe"
        }
      ]
    },
    {
      "id": "40ee9af4-9037-4d56-bf1b-81c16b3ab871",
      "name": "Pharmacotherapy for Substance Abuse Treatment, Naloxone",
      "isPublic": true,
      "createdBy": "73c0d265-3c9a-410a-8eaf-0174fc57f421"
    }
  ]
}
