Name only
delete it again
{}
there should be no change
{}
Full
get subtasks (should be 2)
2
there should be a template
1
delete it again
{}
there should be no change
{}
